// Vitest Snapshot v1, https://vitest.dev/guide/snapshot.html

exports[`Button > rendering > matches snapshot with default props 1`] = `
<button
  class="text-white py-3 px-4 rounded-lg shadow-sm leading-4 cursor-pointer disabled:opacity-50 bg-woot-500 hover:bg-woot-700"
>
  
  Click me
  
</button>
`;
